---
source: tests/render_snapshot.rs
expression: data_url
---
data:image/png;base64,iVBORw0KGgoAAAANSUhEUgAAAAoAAAAKCAYAAACNMs+9AAAAGElEQVR4nGP8z8Dwn4EIwESMolGF1FMIAD2cAhK2AyPVAAAAAElFTkSuQmCC
